// Jest Snapshot v1, https://goo.gl/fbAQLP

exports[`calling render with the same component on the same container does not remount 1`] = `
.emotion-0 {
  line-height: 1.15;
  -ms-text-size-adjust: 100%;
  -webkit-text-size-adjust: 100%;
  -webkit-appearance: button;
  margin: 0;
  padding: 0;
  border: 0;
  box-sizing: border-box;
  font: 100% inherit;
  line-height: 1;
  text-align: left;
  -webkit-text-decoration: none;
  text-decoration: none;
  vertical-align: baseline;
  color: inherit;
  background: none;
  cursor: inherit;
  display: inline-block;
  max-width: 100%;
  cursor: pointer;
  color: hsl(0,0%,16%);
  font-family: 'Source Sans Pro','Helvetica Neue',Arial,sans-serif;
  font-size: 16px;
  font-weight: 600;
  line-height: 1.5;
  -webkit-letter-spacing: 0;
  -moz-letter-spacing: 0;
  -ms-letter-spacing: 0;
  letter-spacing: 0;
  -webkit-text-decoration: none;
  text-decoration: none;
  word-break: break-word;
  overflow-wrap: break-word;
  -webkit-font-smoothing: antialiased;
  line-height: 1;
  padding: 8px 16px;
  min-height: 40px;
  color: hsl(0,0%,100%);
  background: linear-gradient(0deg,hsl(212,63%,45%) 0%,#4387d5 100%);
  border-radius: 2px;
  text-align: center;
  text-shadow: 0 1px 1px hsl(214,100%,24%);
  cursor: pointer;
}

.emotion-0:-moz-focusring {
  outline: 1px dotted ButtonText;
}

.emotion-0::-moz-focus-inner {
  border-style: none;
  padding: 0;
}

.emotion-0::-webkit-file-upload-button {
  -webkit-appearance: button;
  font: inherit;
}

.emotion-0::-webkit-inner-spin-button {
  height: auto;
}

.emotion-0::-webkit-outer-spin-button {
  height: auto;
}

.emotion-0:focus {
  outline: 0;
  position: relative;
}

.emotion-0:focus:after {
  content: '';
  position: absolute;
  top: -4px;
  right: -4px;
  bottom: -4px;
  left: -4px;
  border-radius: 4px;
  background-color: transparent;
  border: 1px solid hsl(23,82%,53%);
  box-sizing: border-box;
  box-shadow: 0 0 10px 0 hsl(23,82%,53%);
  z-index: 9999;
}

.emotion-0:focus:not(:focus-visible):after {
  content: none;
}

.emotion-0:hover {
  background: linear-gradient(0deg,hsl(212,63%,49%) 0%,#5492d9 100%);
}

.emotion-0:active {
  background: linear-gradient(0deg,hsl(212,63%,37%) 0%,#2c72c4 100%);
}

.emotion-0.fi-button--disabled,
.emotion-0[disabled],
.emotion-0:disabled {
  text-shadow: 0 1px 1px hsl(0,0%,16%);
  background: linear-gradient(0deg,hsl(202,7%,67%) 0%,#c0c5c9 100%);
  pointer-events: none;
  -webkit-user-select: none;
  -moz-user-select: none;
  -ms-user-select: none;
  user-select: none;
}

.emotion-0.fi-button--negative {
  background: none;
  background-color: hsl(212,63%,45%);
  border: 1px solid hsl(0,0%,100%);
  text-shadow: none;
}

.emotion-0.fi-button--negative:hover {
  background: linear-gradient(-180deg,rgba(255,255,255,0.1) 0%,rgba(255,255,255,0) 100%);
}

.emotion-0.fi-button--negative:active {
  background: none;
  background-color: hsl(212,63%,45%);
}

.emotion-0.fi-button--negative.fi-button--disabled,
.emotion-0.fi-button--negative[disabled],
.emotion-0.fi-button--negative:disabled {
  opacity: 0.5;
  background: none;
}

.emotion-0.fi-button--secondary {
  color: hsl(212,63%,45%);
  background: none;
  background-color: hsl(0,0%,100%);
  border: 1px solid hsl(212,63%,45%);
  text-shadow: none;
}

.emotion-0.fi-button--secondary:hover {
  background: linear-gradient(0deg,hsl(202,7%,93%) 0%,hsl(0,0%,100%) 100%);
}

.emotion-0.fi-button--secondary:active {
  background: none;
  background-color: hsl(212,63%,98%);
}

.emotion-0.fi-button--secondary.fi-button--disabled,
.emotion-0.fi-button--secondary[disabled],
.emotion-0.fi-button--secondary:disabled {
  color: hsl(202,7%,67%);
  text-shadow: none;
  background: none;
  background-color: hsl(212,63%,98%);
  border-color: hsl(202,7%,67%);
}

.emotion-0.fi-button--secondary-noborder {
  color: hsl(212,63%,45%);
  background: none;
  background-color: hsl(0,0%,100%);
  border: 1px solid hsl(212,63%,45%);
  text-shadow: none;
  border: none;
}

.emotion-0.fi-button--secondary-noborder:hover {
  background: linear-gradient(0deg,hsl(202,7%,93%) 0%,hsl(0,0%,100%) 100%);
}

.emotion-0.fi-button--secondary-noborder:active {
  background: none;
  background-color: hsl(212,63%,98%);
}

.emotion-0.fi-button--secondary-noborder.fi-button--disabled,
.emotion-0.fi-button--secondary-noborder[disabled],
.emotion-0.fi-button--secondary-noborder:disabled {
  color: hsl(202,7%,67%);
  text-shadow: none;
  background: none;
  background-color: hsl(212,63%,98%);
  border-color: hsl(202,7%,67%);
}

.emotion-0.fi-button--tertiary {
  color: hsl(212,63%,45%);
  background: none;
  background-color: hsl(0,0%,100%);
  border: 1px solid hsl(212,63%,45%);
  text-shadow: none;
  background: hsl(212,63%,95%);
  border: none;
}

.emotion-0.fi-button--tertiary:hover {
  background: linear-gradient(0deg,hsl(202,7%,93%) 0%,hsl(0,0%,100%) 100%);
}

.emotion-0.fi-button--tertiary:active {
  background: none;
  background-color: hsl(212,63%,98%);
}

.emotion-0.fi-button--tertiary.fi-button--disabled,
.emotion-0.fi-button--tertiary[disabled],
.emotion-0.fi-button--tertiary:disabled {
  color: hsl(202,7%,67%);
  text-shadow: none;
  background: none;
  background-color: hsl(212,63%,98%);
  border-color: hsl(202,7%,67%);
}

.emotion-0.fi-button--tertiary:hover {
  background: hsl(212,63%,98%);
}

.emotion-0.fi-button--tertiary:active {
  background: hsl(212,63%,98%);
}

.emotion-0 > .fi-button_icon {
  width: 16px;
  height: 16px;
  margin-right: 8px;
  vertical-align: middle;
  -webkit-transform: translateY(-0.1em);
  -ms-transform: translateY(-0.1em);
  transform: translateY(-0.1em);
}

.emotion-0 > .fi-button_icon.fi-button_icon--right {
  margin-right: 0;
  margin-left: 8px;
}

<button
  aria-disabled="false"
  class="fi-button emotion-0"
  data-testid="button"
  tabindex="0"
  type="button"
>
  Test
</button>
`;
