// Jest Snapshot v1, https://goo.gl/fbAQLP

exports[`Basic expander shoud match snapshot 1`] = `
.c3 {
  line-height: 1.15;
  -ms-text-size-adjust: 100%;
  -webkit-text-size-adjust: 100%;
  margin: 0;
  overflow: visible;
  text-transform: none;
  -webkit-appearance: button;
  margin: 0;
  padding: 0;
  border: 0;
  box-sizing: border-box;
  font: 100% inherit;
  line-height: 1;
  text-align: left;
  -webkit-text-decoration: none;
  text-decoration: none;
  vertical-align: baseline;
  color: inherit;
  background: none;
  cursor: inherit;
  display: inline-block;
  max-width: 100%;
  cursor: pointer;
}

.c3:-moz-focusring {
  outline: 1px dotted ButtonText;
}

.c3::-moz-focus-inner {
  border-style: none;
  padding: 0;
}

.c3::-webkit-file-upload-button {
  -webkit-appearance: button;
  font: inherit;
}

.c3::-webkit-inner-spin-button {
  height: auto;
}

.c3::-webkit-outer-spin-button {
  height: auto;
}

.c0 {
  line-height: 1.15;
  -ms-text-size-adjust: 100%;
  -webkit-text-size-adjust: 100%;
  margin: 0;
  padding: 0;
  border: 0;
  box-sizing: border-box;
  font: 100% inherit;
  line-height: 1;
  text-align: left;
  -webkit-text-decoration: none;
  text-decoration: none;
  vertical-align: baseline;
  color: inherit;
  background: none;
  cursor: inherit;
  display: block;
  max-width: 100%;
  word-wrap: normal;
  word-break: normal;
  white-space: normal;
}

.c4 {
  line-height: 1.15;
  -ms-text-size-adjust: 100%;
  -webkit-text-size-adjust: 100%;
  margin: 0;
  padding: 0;
  border: 0;
  box-sizing: border-box;
  font: 100% inherit;
  line-height: 1;
  text-align: left;
  -webkit-text-decoration: none;
  text-decoration: none;
  vertical-align: baseline;
  color: inherit;
  background: none;
  cursor: inherit;
  display: inline;
  max-width: 100%;
  word-wrap: normal;
  word-break: normal;
  white-space: normal;
}

.c5 {
  position: absolute;
  -webkit-clip: rect(0 0 0 0);
  clip: rect(0 0 0 0);
  height: 1px;
  width: 1px;
  margin: -1px;
  padding: 0;
  border: 0;
  overflow: hidden;
}

.c1 {
  color: hsl(0,0%,16%);
  -webkit-letter-spacing: 0;
  -moz-letter-spacing: 0;
  -ms-letter-spacing: 0;
  letter-spacing: 0;
  -webkit-text-decoration: none;
  text-decoration: none;
  word-break: break-word;
  overflow-wrap: break-word;
  -webkit-font-smoothing: antialiased;
  font-family: 'Source Sans Pro','Helvetica Neue','Arial',sans-serif;
  font-size: 18px;
  line-height: 1.5;
  font-weight: 400;
  background-color: hsl(0,0%,100%);
  position: relative;
  padding: 0;
  border-radius: 2px;
  box-shadow: 0 1px 2px 0 rgba(41,41,41,0.14),0 1px 5px 0 rgba(41,41,41,0.12);
  display: block;
  width: 100%;
  max-width: 100%;
}

.c1:before {
  background-color: hsl(212,63%,98%);
  opacity: 0;
}

.c7 {
  color: hsl(0,0%,16%);
  -webkit-letter-spacing: 0;
  -moz-letter-spacing: 0;
  -ms-letter-spacing: 0;
  letter-spacing: 0;
  -webkit-text-decoration: none;
  text-decoration: none;
  word-break: break-word;
  overflow-wrap: break-word;
  -webkit-font-smoothing: antialiased;
  font-family: 'Source Sans Pro','Helvetica Neue','Arial',sans-serif;
  font-size: 18px;
  line-height: 1.5;
  font-weight: 400;
  background-color: hsl(0,0%,100%);
  border-radius: inherit;
  position: relative;
  visibility: hidden;
  display: block;
  height: 0;
  overflow: hidden;
  word-break: break-word;
  -webkit-transform: scaleY(0);
  -ms-transform: scaleY(0);
  transform: scaleY(0);
  -webkit-transform-origin: top;
  -ms-transform-origin: top;
  transform-origin: top;
  -webkit-transition: all 50ms cubic-bezier(0.28,0.84,0.42,1);
  transition: all 50ms cubic-bezier(0.28,0.84,0.42,1);
  will-change: transition,height;
}

.c7:not(.fi-expander_content--no-padding) {
  padding: 0 16px;
}

.c7.fi-expander_content--open {
  visibility: visible;
  height: 10%;
  overflow: visible;
  border-top-left-radius: 0;
  border-top-right-radius: 0;
  -webkit-animation: fi-expander_content-anim 50ms cubic-bezier(0.28,0.84,0.42,1) 1 forwards;
  animation: fi-expander_content-anim 50ms cubic-bezier(0.28,0.84,0.42,1) 1 forwards;
}

.c7.fi-expander_content--open:not(.fi-expander_content--no-padding) {
  padding-top: 0;
  padding-right: 20px;
  padding-bottom: 20px;
  padding-left: 20px;
}

.c6 {
  display: inline-block;
  vertical-align: baseline;
}

.c2 {
  color: hsl(0,0%,16%);
  position: relative;
  display: block;
  width: 100%;
  max-width: 100%;
  min-height: 60px;
  background-color: hsl(212,63%,98%);
  border-radius: inherit;
}

.c2.fi-expander_title-button--open {
  background-color: hsl(0,0%,100%);
  border-bottom-left-radius: 0;
  border-bottom-right-radius: 0;
}

.c2 .fi-expander_title-button_button {
  color: hsl(0,0%,16%);
  -webkit-letter-spacing: 0;
  -moz-letter-spacing: 0;
  -ms-letter-spacing: 0;
  letter-spacing: 0;
  -webkit-text-decoration: none;
  text-decoration: none;
  word-break: break-word;
  overflow-wrap: break-word;
  -webkit-font-smoothing: antialiased;
  font-family: 'Source Sans Pro','Helvetica Neue','Arial',sans-serif;
  font-size: 16px;
  line-height: 1.5;
  font-weight: 600;
  font-size: 14px;
  line-height: 20px;
  -webkit-letter-spacing: 0;
  -moz-letter-spacing: 0;
  -ms-letter-spacing: 0;
  letter-spacing: 0;
  -webkit-text-decoration: none;
  text-decoration: none;
  word-break: break-word;
  overflow-wrap: break-word;
  -webkit-font-smoothing: antialiased;
  font-family: 'Source Sans Pro','Helvetica Neue','Arial',sans-serif;
  font-size: 18px;
  line-height: 1.5;
  font-weight: 400;
  font-size: font-family:'Source Sans Pro','Helvetica Neue','Arial',sans-serif;
  font-size: 18px;
  line-height: 1.5;
  font-weight: 600;
  color: hsl(212,63%,45%);
  display: inline-block;
  width: 100%;
  max-width: 100%;
  min-height: 60px;
  padding: 17px 60px 16px 20px;
}

.c2 .fi-expander_title-button_button:focus {
  outline: 0;
}

.c2 .fi-expander_title-button_button:focus-within {
  outline: 0;
}

.c2 .fi-expander_title-button_button:focus-within:after {
  content: '';
  position: absolute;
  pointer-events: none;
  top: -2px;
  right: -2px;
  bottom: -2px;
  left: -2px;
  border-radius: 2px;
  background-color: transparent;
  border: 0px solid hsl(0,0%,100%);
  box-sizing: border-box;
  box-shadow: 0 0 0 2px hsl(196,77%,44%);
  z-index: 9999;
}

.c2 .fi-expander_title-button_button:not(:focus-visible) {
  outline: 0;
}

.c2 .fi-expander_title-button_button:not(:focus-visible):after {
  content: none;
}

.c2 .fi-expander_title-button_button * {
  cursor: pointer;
}

.c2 .fi-expander_title-button_button:hover,
.c2 .fi-expander_title-button_button:active,
.c2 .fi-expander_title-button_button:focus,
.c2 .fi-expander_title-button_button:focus-within {
  cursor: pointer;
}

.c2 .fi-expander_title-button-icon {
  position: absolute;
  top: 0;
  right: 0;
  height: 20px;
  width: 20px;
  margin: 20px;
}

.c2 .fi-expander_title-button--open .fi-expander_title-button-icon,
.c2 .fi-expander_title-button-icon--open {
  -webkit-transform: rotate(-180deg);
  -ms-transform: rotate(-180deg);
  transform: rotate(-180deg);
}

<div
  class="c0 c1 expander-test fi-expander"
  id="4"
>
  <div
    class="c0 c2 fi-expander_title-button"
    data-testid="expander-title"
  >
    <button
      aria-controls="4_content"
      aria-expanded="false"
      class="c3 fi-expander_title-button_button"
      id="4_title"
      type="button"
    >
      Test expander
      <span
        class="c4 c5 fi-visually-hidden"
      >
        click to open expander
      </span>
      <svg
        aria-hidden="true"
        class="fi-icon c6 fi-expander_title-button-icon"
        fill="currentColor"
        focusable="false"
        height="1em"
        viewBox="0 0 24 24"
        width="1em"
      >
        <path
          d="M13 15.6c-.3.3-.6.4-1 .4s-.7-.1-1-.4l-5.6-5.3c-.5-.5-.5-1.4 0-1.9s1.4-.5 2 0l4.6 4.4 4.6-4.4c.5-.5 1.4-.5 2 0 .5.5.5 1.4 0 1.9L13 15.6z"
        />
      </svg>
    </button>
  </div>
  <div
    aria-hidden="true"
    aria-labelledby="4_title"
    class="c0 c7 fi-expander_content"
    id="4_content"
    role="region"
  >
    Test expander content
  </div>
</div>
`;
