// Jest Snapshot v1, https://goo.gl/fbAQLP

exports[`calling render with the same component on the same container does not remount 1`] = `
.c0 {
  display: inline-block;
  vertical-align: baseline;
}

<div>
  <svg
    aria-label="Test label"
    class="my-icon--test c0"
    data-testid="icon"
    height="1em"
    role="img"
    style="fill: hsl(202, 7%, 40%);"
    viewBox="0 0 24 24"
    width="1em"
  >
    <path
      d="M22.01 0c1.103 0 2 .897 2 2v20c0 1.103-.897 2-2 2H10c-1.103 0-2-.897-2-2v-5a1 1 0 012 0v5h12.01V2H10v5a1 1 0 01-2 0V2c0-1.103.897-2 2-2h12.01zm-9.717 15.293L14.586 13H1a1 1 0 010-2h13.586l-2.293-2.293a.999.999 0 111.414-1.414l4 4a.999.999 0 01.216 1.089.999.999 0 01-.216.325l-4 4a.997.997 0 01-1.414 0 .999.999 0 010-1.414z"
    />
  </svg>
  <svg
    aria-hidden="true"
    class="c0"
    focusable="false"
    height="1em"
    style="fill: hsl(202, 7%, 40%);"
    viewBox="0 0 24 24"
    width="1em"
  >
    <path
      d="M17.3 2a6.59 6.59 0 00-4.734 2.001l-.575.588-.574-.588a6.589 6.589 0 00-4.732-2 6.593 6.593 0 00-4.734 2C-.65 6.67-.65 11.034 1.952 13.702l8.608 8.822a1.99 1.99 0 001.431.604c.52 0 1.04-.2 1.432-.604l8.608-8.822c2.603-2.668 2.603-7.033 0-9.7A6.587 6.587 0 0017.3 2M6.685 4a4.58 4.58 0 013.301 1.397l.575.59 1.43 1.466 1.432-1.467.574-.589A4.586 4.586 0 0117.3 4 4.58 4.58 0 0120.6 5.398c1.858 1.904 1.858 5.003 0 6.907l-8.609 8.823-8.607-8.823c-1.858-1.904-1.858-5.003 0-6.907A4.583 4.583 0 016.684 4"
    />
  </svg>
  ;
</div>
`;
