// Jest Snapshot v1, https://goo.gl/fbAQLP

exports[`calling render with the same component on the same container does not remount 1`] = `
.c0 {
  max-width: 100%;
}

<div
  aria-hidden="true"
  class="c0"
  data-testid="svg"
  role="img"
>
  <div>
    <div
      data-src="\\"test.svg\\""
      src=""
      style="fill:;max-width:100%;max-height:100%"
    />
  </div>
</div>
`;
