// Jest Snapshot v1, https://goo.gl/fbAQLP

exports[`calling render with the same component on the same container does not remount 1`] = `
.c1 {
  line-height: 1.15;
  -ms-text-size-adjust: 100%;
  -webkit-text-size-adjust: 100%;
  margin: 0;
  padding: 0;
  border: 0;
  box-sizing: border-box;
  font: 100% inherit;
  line-height: 1;
  text-align: left;
  -webkit-text-decoration: none;
  text-decoration: none;
  vertical-align: baseline;
  color: inherit;
  background: none;
  cursor: inherit;
  display: inline;
  max-width: 100%;
  word-wrap: normal;
  word-break: normal;
  white-space: normal;
}

.c0 {
  color: hsl(0,0%,16%);
  font-family: 'Source Sans Pro','Helvetica Neue',Arial,sans-serif;
  font-size: 18px;
  font-weight: 400;
  line-height: 1.5;
  -webkit-letter-spacing: 0;
  -moz-letter-spacing: 0;
  -ms-letter-spacing: 0;
  letter-spacing: 0;
  -webkit-text-decoration: none;
  text-decoration: none;
  word-break: break-word;
  overflow-wrap: break-word;
  -webkit-font-smoothing: antialiased;
  color: hsl(0,0%,16%);
}

.c0.fi-text--bold {
  font-family: 'Source Sans Pro','Helvetica Neue',Arial,sans-serif;
  font-size: 18px;
  font-weight: 600;
  line-height: 1.5;
  -webkit-letter-spacing: 0;
  -moz-letter-spacing: 0;
  -ms-letter-spacing: 0;
  letter-spacing: 0;
  -webkit-text-decoration: none;
  text-decoration: none;
  word-break: break-word;
  overflow-wrap: break-word;
  -webkit-font-smoothing: antialiased;
}

.c0.fi-text--lead {
  font-family: 'Source Sans Pro','Helvetica Neue',Arial,sans-serif;
  font-size: 22px;
  font-weight: 400;
  line-height: 1.5;
  -webkit-letter-spacing: 0;
  -moz-letter-spacing: 0;
  -ms-letter-spacing: 0;
  letter-spacing: 0;
  -webkit-text-decoration: none;
  text-decoration: none;
  word-break: break-word;
  overflow-wrap: break-word;
  -webkit-font-smoothing: antialiased;
}

.c0.fi-text--small-screen {
  font-family: 'Source Sans Pro','Helvetica Neue',Arial,sans-serif;
  font-size: 16px;
  font-weight: 400;
  line-height: 1.5;
  -webkit-letter-spacing: 0;
  -moz-letter-spacing: 0;
  -ms-letter-spacing: 0;
  letter-spacing: 0;
  -webkit-text-decoration: none;
  text-decoration: none;
  word-break: break-word;
  overflow-wrap: break-word;
  -webkit-font-smoothing: antialiased;
}

.c0.fi-text--small-screen.fi-text--bold {
  font-family: 'Source Sans Pro','Helvetica Neue',Arial,sans-serif;
  font-size: 16px;
  font-weight: 600;
  line-height: 1.5;
  -webkit-letter-spacing: 0;
  -moz-letter-spacing: 0;
  -ms-letter-spacing: 0;
  letter-spacing: 0;
  -webkit-text-decoration: none;
  text-decoration: none;
  word-break: break-word;
  overflow-wrap: break-word;
  -webkit-font-smoothing: antialiased;
}

.c0.fi-text--small-screen.fi-text--lead {
  font-family: 'Source Sans Pro','Helvetica Neue',Arial,sans-serif;
  font-size: 20px;
  font-weight: 400;
  line-height: 1.5;
  -webkit-letter-spacing: 0;
  -moz-letter-spacing: 0;
  -ms-letter-spacing: 0;
  letter-spacing: 0;
  -webkit-text-decoration: none;
  text-decoration: none;
  word-break: break-word;
  overflow-wrap: break-word;
  -webkit-font-smoothing: antialiased;
}

<div
  data-testid="test-text"
>
  <span
    class="fi-text c0 fi-text--body c1"
  >
    Hey this is test
  </span>
  <span
    class="fi-text c0 fi-text--lead c1"
  >
    Hey this is test lead
  </span>
  <span
    class="fi-text c0 fi-text--bold c1"
  >
    Hey this is test bold
  </span>
</div>
`;
