// Jest Snapshot v1, https://goo.gl/fbAQLP

exports[`calling render with the same component on the same container does not remount 1`] = `
.c3 {
  line-height: 1.15;
  -ms-text-size-adjust: 100%;
  -webkit-text-size-adjust: 100%;
  margin: 0;
  overflow: visible;
  text-transform: none;
  -webkit-appearance: button;
  margin: 0;
  padding: 0;
  border: 0;
  box-sizing: border-box;
  font: 100% inherit;
  line-height: 1;
  text-align: left;
  -webkit-text-decoration: none;
  text-decoration: none;
  vertical-align: baseline;
  color: inherit;
  background: none;
  cursor: inherit;
  display: inline-block;
  max-width: 100%;
  cursor: pointer;
}

.c3:-moz-focusring {
  outline: 1px dotted ButtonText;
}

.c3::-moz-focus-inner {
  border-style: none;
  padding: 0;
}

.c3::-webkit-file-upload-button {
  -webkit-appearance: button;
  font: inherit;
}

.c3::-webkit-inner-spin-button {
  height: auto;
}

.c3::-webkit-outer-spin-button {
  height: auto;
}

.c0 {
  line-height: 1.15;
  -ms-text-size-adjust: 100%;
  -webkit-text-size-adjust: 100%;
  margin: 0;
  padding: 0;
  border: 0;
  box-sizing: border-box;
  font: 100% inherit;
  line-height: 1;
  text-align: left;
  -webkit-text-decoration: none;
  text-decoration: none;
  vertical-align: baseline;
  color: inherit;
  background: none;
  cursor: inherit;
  display: block;
  max-width: 100%;
  word-wrap: normal;
  word-break: normal;
  white-space: normal;
}

.c4.fi-button--disabled {
  cursor: not-allowed;
}

.c1 {
  display: block;
  width: 100%;
  max-width: 100%;
}

.c7 {
  display: none;
}

.c5,
.c5 * {
  cursor: pointer;
}

.c5:hover,
.c5:active,
.c5:focus,
.c5:focus-within {
  cursor: pointer;
}

.c6 {
  display: inline-block;
  vertical-align: baseline;
}

.c2 {
  color: hsl(0,0%,16%);
  -webkit-letter-spacing: 0;
  -moz-letter-spacing: 0;
  -ms-letter-spacing: 0;
  letter-spacing: 0;
  -webkit-text-decoration: none;
  text-decoration: none;
  word-break: break-word;
  overflow-wrap: break-word;
  -webkit-font-smoothing: antialiased;
  font-family: 'Source Sans Pro','Helvetica Neue','Arial',sans-serif;
  font-size: 18px;
  line-height: 1.5;
  font-weight: 400;
  background-color: hsl(0,0%,100%);
  position: relative;
  position: relative;
  padding: 0;
  border-radius: 2px;
  box-shadow: 0 1px 2px 0 rgba(41,41,41,0.14),0 1px 5px 0 rgba(41,41,41,0.12);
}

.c2:before {
  content: '';
  position: absolute;
  top: 0;
  bottom: 0;
  left: 0;
  right: 0;
  width: 100%;
  height: 100%;
}

.c2:before {
  background-color: hsl(212,63%,98%);
  opacity: 0;
}

.c2 .fi-expander_title {
  color: hsl(0,0%,16%);
  -webkit-letter-spacing: 0;
  -moz-letter-spacing: 0;
  -ms-letter-spacing: 0;
  letter-spacing: 0;
  -webkit-text-decoration: none;
  text-decoration: none;
  word-break: break-word;
  overflow-wrap: break-word;
  -webkit-font-smoothing: antialiased;
  font-family: 'Source Sans Pro','Helvetica Neue','Arial',sans-serif;
  font-size: 16px;
  line-height: 1.5;
  font-weight: 600;
  font-size: 14px;
  line-height: 20px;
  position: relative;
  display: block;
  width: 100%;
  font-size: font-family:'Source Sans Pro','Helvetica Neue','Arial',sans-serif;
  font-size: 18px;
  line-height: 1.5;
  font-weight: 600;
  min-height: 60px;
}

.c2 .fi-expander_title:focus {
  outline: 0;
}

.c2 .fi-expander_title:focus:after {
  content: '';
  position: absolute;
  pointer-events: none;
  top: -2px;
  right: -2px;
  bottom: -2px;
  left: -2px;
  border-radius: 2px;
  background-color: transparent;
  border: 0px solid hsl(0,0%,100%);
  box-sizing: border-box;
  box-shadow: 0 0 0 2px hsl(196,77%,55%);
  z-index: 9999;
}

.c2 .fi-expander_title--no-tag {
  padding: 17px 60px 16px 20px;
  color: hsl(212,63%,45%);
}

.c2 .fi-expander_title-icon {
  position: absolute;
  height: 20px;
  width: 20px;
  top: 0;
  right: 0;
  margin: 20px;
}

.c2 .fi-expander_title--open .fi-expander_title-icon,
.c2 .fi-expander_title-icon--open {
  -webkit-transform: rotate(-180deg);
  -ms-transform: rotate(-180deg);
  transform: rotate(-180deg);
}

.c2 .fi-expander_title {
  color: hsl(0,0%,16%);
  -webkit-letter-spacing: 0;
  -moz-letter-spacing: 0;
  -ms-letter-spacing: 0;
  letter-spacing: 0;
  -webkit-text-decoration: none;
  text-decoration: none;
  word-break: break-word;
  overflow-wrap: break-word;
  -webkit-font-smoothing: antialiased;
  font-family: 'Source Sans Pro','Helvetica Neue','Arial',sans-serif;
  font-size: 16px;
  line-height: 1.5;
  font-weight: 600;
  font-size: 14px;
  line-height: 20px;
  position: relative;
  display: block;
  width: 100%;
  font-size: font-family:'Source Sans Pro','Helvetica Neue','Arial',sans-serif;
  font-size: 18px;
  line-height: 1.5;
  font-weight: 600;
  min-height: 60px;
}

.c2 .fi-expander_title--no-tag {
  padding: 17px 60px 16px 20px;
  color: hsl(212,63%,45%);
}

.c2 .fi-expander_title-icon {
  position: absolute;
  height: 20px;
  width: 20px;
  top: 0;
  right: 0;
  margin: 20px;
}

.c2 .fi-expander_title--open .fi-expander_title-icon,
.c2 .fi-expander_title-icon--open {
  -webkit-transform: rotate(-180deg);
  -ms-transform: rotate(-180deg);
  transform: rotate(-180deg);
}

.c2 > .fi-expander_content {
  position: relative;
  display: block;
  height: 0;
  overflow: hidden;
  word-break: break-word;
  -webkit-transform: scaleY(0);
  -ms-transform: scaleY(0);
  transform: scaleY(0);
  -webkit-transform-origin: top;
  -ms-transform-origin: top;
  transform-origin: top;
  -webkit-transition: all 50ms cubic-bezier(0.28,0.84,0.42,1);
  transition: all 50ms cubic-bezier(0.28,0.84,0.42,1);
  will-change: transition,height;
}

.c2 > .fi-expander_content:not(.fi-expander_content--no-padding) {
  padding: 0 16px;
}

.c2 > .fi-expander_content.fi-expander_content--open {
  height: 10%;
  overflow: visible;
  -webkit-animation: fi-expander_content-anim 50ms cubic-bezier(0.28,0.84,0.42,1) 1 forwards;
  animation: fi-expander_content-anim 50ms cubic-bezier(0.28,0.84,0.42,1) 1 forwards;
}

.c2 > .fi-expander_content.fi-expander_content--open:not(.fi-expander_content--no-padding) {
  padding-top: 0;
  padding-right: 20px;
  padding-bottom: 20px;
  padding-left: 20px;
}

<div
  class="c0 c1 c2 expander-test fi-expander"
>
  <button
    aria-disabled="false"
    aria-expanded="false"
    class="c3 c4 fi-button c5 fi-expander_title fi-expander_title--no-tag"
    data-testid="expander-title"
    tabindex="0"
    type="button"
  >
    Test expander
    <svg
      aria-hidden="true"
      class="fi-icon c6 fi-expander_title-icon"
      fill="hsl(212, 63%, 45%)"
      focusable="false"
      height="1em"
      viewBox="0 0 24 24"
      width="1em"
    >
      <path
        d="M13 15.6c-.3.3-.6.4-1 .4s-.7-.1-1-.4l-5.6-5.3c-.5-.5-.5-1.4 0-1.9s1.4-.5 2 0l4.6 4.4 4.6-4.4c.5-.5 1.4-.5 2 0 .5.5.5 1.4 0 1.9L13 15.6z"
      />
    </svg>
  </button>
  <div
    aria-hidden="true"
    class="c0 c1 c7 fi-expander_content"
    hidden=""
  >
    Test expander content
  </div>
</div>
`;
