// Jest Snapshot v1, https://goo.gl/fbAQLP

exports[`calling render with the same component on the same container does not remount 1`] = `
.c0 {
  line-height: 1.15;
  -ms-text-size-adjust: 100%;
  -webkit-text-size-adjust: 100%;
  margin: 0;
  padding: 0;
  border: 0;
  box-sizing: border-box;
  font: 100% inherit;
  line-height: 1;
  text-align: left;
  -webkit-text-decoration: none;
  text-decoration: none;
  vertical-align: baseline;
  color: inherit;
  background: none;
  cursor: inherit;
  display: block;
  max-width: 100%;
  word-wrap: normal;
  word-break: normal;
  white-space: normal;
}

.c1 {
  color: hsl(0,0%,16%);
  -webkit-letter-spacing: 0;
  -moz-letter-spacing: 0;
  -ms-letter-spacing: 0;
  letter-spacing: 0;
  -webkit-text-decoration: none;
  text-decoration: none;
  word-break: break-word;
  overflow-wrap: break-word;
  -webkit-font-smoothing: antialiased;
  font-family: 'Source Sans Pro','Helvetica Neue','Arial',sans-serif;
  font-size: 18px;
  line-height: 1.5;
  font-weight: 400;
}

.c1.fi-block--margin-xxs {
  margin: 5px;
}

.c1.fi-block--margin-xs {
  margin: 10px;
}

.c1.fi-block--margin-s {
  margin: 15px;
}

.c1.fi-block--margin-m {
  margin: 20px;
}

.c1.fi-block--margin-l {
  margin: 25px;
}

.c1.fi-block--margin-xl {
  margin: 30px;
}

.c1.fi-block--margin-xxl {
  margin: 40px;
}

.c1.fi-block--margin-xxxl {
  margin: 60px;
}

.c1.fi-block--margin-xxxxl {
  margin: 80px;
}

.c1.fi-block--margin-insetXxs {
  margin: 2px;
}

.c1.fi-block--margin-insetXs {
  margin: 4px;
}

.c1.fi-block--margin-insetS {
  margin: 6px;
}

.c1.fi-block--margin-insetM {
  margin: 8px;
}

.c1.fi-block--margin-insetL {
  margin: 10px;
}

.c1.fi-block--margin-insetXl {
  margin: 16px;
}

.c1.fi-block--margin-insetXxl {
  margin: 20px;
}

.c1.fi-block--padding-xxs {
  padding: 5px;
}

.c1.fi-block--padding-xs {
  padding: 10px;
}

.c1.fi-block--padding-s {
  padding: 15px;
}

.c1.fi-block--padding-m {
  padding: 20px;
}

.c1.fi-block--padding-l {
  padding: 25px;
}

.c1.fi-block--padding-xl {
  padding: 30px;
}

.c1.fi-block--padding-xxl {
  padding: 40px;
}

.c1.fi-block--padding-xxxl {
  padding: 60px;
}

.c1.fi-block--padding-xxxxl {
  padding: 80px;
}

.c1.fi-block--padding-insetXxs {
  padding: 2px;
}

.c1.fi-block--padding-insetXs {
  padding: 4px;
}

.c1.fi-block--padding-insetS {
  padding: 6px;
}

.c1.fi-block--padding-insetM {
  padding: 8px;
}

.c1.fi-block--padding-insetL {
  padding: 10px;
}

.c1.fi-block--padding-insetXl {
  padding: 16px;
}

.c1.fi-block--padding-insetXxl {
  padding: 20px;
}

<div
  data-testid="test-block"
>
  <div
    class="c0 fi-block c1"
  >
    Hey this is test
  </div>
  <div
    class="c0 fi-block c1 fi-block--padding-xxxl"
  >
    Hey this is test lead
  </div>
  <section
    class="fi-block c1 fi-block--section"
  >
    Hey this is test bold
  </section>
</div>
`;
